stm32f3xx_hal_dac_ex.c:1071:13:DAC_DMAErrorCh1	8	static
stm32f3xx_hal_dac_ex.c:1059:13:DAC_DMAHalfConvCpltCh1	0	static
stm32f3xx_hal_dac_ex.c:1045:13:DAC_DMAConvCpltCh1	8	static
stm32f3xx_hal_dac_ex.c:128:19:HAL_DAC_SetValue	16	static
stm32f3xx_hal_dac_ex.c:186:19:HAL_DACEx_DualSetValue	0	static
stm32f3xx_hal_dac_ex.c:258:19:HAL_DAC_Start	8	static
stm32f3xx_hal_dac_ex.c:376:19:HAL_DAC_Start_DMA	24	static
stm32f3xx_hal_dac_ex.c:590:10:HAL_DAC_GetValue	0	static
stm32f3xx_hal_dac_ex.c:641:10:HAL_DACEx_DualGetValue	0	static
stm32f3xx_hal_dac_ex.c:779:19:HAL_DAC_ConfigChannel	16	static
stm32f3xx_hal_dac_ex.c:878:19:HAL_DACEx_TriangleWaveGenerate	12	static
stm32f3xx_hal_dac_ex.c:927:19:HAL_DACEx_NoiseWaveGenerate	12	static
stm32f3xx_hal_dac_ex.c:963:13:HAL_DACEx_ConvCpltCallbackCh2	0	static
stm32f3xx_hal_dac_ex.c:1093:13:DAC_DMAConvCpltCh2	8	static
stm32f3xx_hal_dac_ex.c:979:13:HAL_DACEx_ConvHalfCpltCallbackCh2	0	static
stm32f3xx_hal_dac_ex.c:1107:13:DAC_DMAHalfConvCpltCh2	8	static
stm32f3xx_hal_dac_ex.c:995:13:HAL_DACEx_ErrorCallbackCh2	0	static
stm32f3xx_hal_dac_ex.c:1119:13:DAC_DMAErrorCh2	8	static
stm32f3xx_hal_dac_ex.c:1011:13:HAL_DACEx_DMAUnderrunCallbackCh2	0	static
stm32f3xx_hal_dac_ex.c:675:6:HAL_DAC_IRQHandler	8	static
