Archive member included to satisfy reference by file (symbol)

c:/program files (x86)/atollic/truestudio for stm32 9.2.0/armtools/bin/../lib/gcc/arm-atollic-eabi/6.3.1/../../../../arm-atollic-eabi/lib/armv7e-m/fpu\libc_nano.a(lib_a-init.o)
                              startup\startup_stm32f303x8.o (__libc_init_array)
c:/program files (x86)/atollic/truestudio for stm32 9.2.0/armtools/bin/../lib/gcc/arm-atollic-eabi/6.3.1/../../../../arm-atollic-eabi/lib/armv7e-m/fpu\libc_nano.a(lib_a-memset.o)
                              Src\main.o (memset)
c:/program files (x86)/atollic/truestudio for stm32 9.2.0/armtools/bin/../lib/gcc/arm-atollic-eabi/6.3.1/armv7e-m/fpu\libgcc.a(_lshrdi3.o)
                              Drivers\STM32F3xx_HAL_Driver\Src\stm32f3xx_hal_flash.o (__aeabi_llsr)

Allocating common symbols
Common symbol       size              file

uwTick              0x4               Drivers\STM32F3xx_HAL_Driver\Src\stm32f3xx_hal.o
pFlash              0x20              Drivers\STM32F3xx_HAL_Driver\Src\stm32f3xx_hal_flash.o
htim2               0x40              Src\main.o
huart2              0x70              Src\main.o

Discarded input sections

 .text          0x00000000        0x0 c:/program files (x86)/atollic/truestudio for stm32 9.2.0/armtools/bin/../lib/gcc/arm-atollic-eabi/6.3.1/armv7e-m/fpu/crti.o
 .data          0x00000000        0x0 c:/program files (x86)/atollic/truestudio for stm32 9.2.0/armtools/bin/../lib/gcc/arm-atollic-eabi/6.3.1/armv7e-m/fpu/crti.o
 .bss           0x00000000        0x0 c:/program files (x86)/atollic/truestudio for stm32 9.2.0/armtools/bin/../lib/gcc/arm-atollic-eabi/6.3.1/armv7e-m/fpu/crti.o
 .data          0x00000000        0x4 c:/program files (x86)/atollic/truestudio for stm32 9.2.0/armtools/bin/../lib/gcc/arm-atollic-eabi/6.3.1/armv7e-m/fpu/crtbegin.o
 .text          0x00000000        0x0 Drivers\STM32F3xx_HAL_Driver\Src\stm32f3xx_hal.o
 .data          0x00000000        0x0 Drivers\STM32F3xx_HAL_Driver\Src\stm32f3xx_hal.o
 .bss           0x00000000        0x0 Drivers\STM32F3xx_HAL_Driver\Src\stm32f3xx_hal.o
 .text.HAL_MspInit
                0x00000000        0x2 Drivers\STM32F3xx_HAL_Driver\Src\stm32f3xx_hal.o
 .text.HAL_MspDeInit
                0x00000000        0x2 Drivers\STM32F3xx_HAL_Driver\Src\stm32f3xx_hal.o
 .text.HAL_DeInit
                0x00000000       0x24 Drivers\STM32F3xx_HAL_Driver\Src\stm32f3xx_hal.o
 .text.HAL_GetTickPrio
                0x00000000        0xc Drivers\STM32F3xx_HAL_Driver\Src\stm32f3xx_hal.o
 .text.HAL_SetTickFreq
                0x00000000       0x24 Drivers\STM32F3xx_HAL_Driver\Src\stm32f3xx_hal.o
 .text.HAL_GetTickFreq
                0x00000000        0xc Drivers\STM32F3xx_HAL_Driver\Src\stm32f3xx_hal.o
 .text.HAL_SuspendTick
                0x00000000       0x10 Drivers\STM32F3xx_HAL_Driver\Src\stm32f3xx_hal.o
 .text.HAL_ResumeTick
                0x00000000       0x10 Drivers\STM32F3xx_HAL_Driver\Src\stm32f3xx_hal.o
 .text.HAL_GetHalVersion
                0x00000000        0x8 Drivers\STM32F3xx_HAL_Driver\Src\stm32f3xx_hal.o
 .text.HAL_GetREVID
                0x00000000        0xc Drivers\STM32F3xx_HAL_Driver\Src\stm32f3xx_hal.o
 .text.HAL_GetDEVID
                0x00000000       0x10 Drivers\STM32F3xx_HAL_Driver\Src\stm32f3xx_hal.o
 .text.HAL_GetUIDw0
                0x00000000        0xc Drivers\STM32F3xx_HAL_Driver\Src\stm32f3xx_hal.o
 .text.HAL_GetUIDw1
                0x00000000        0xc Drivers\STM32F3xx_HAL_Driver\Src\stm32f3xx_hal.o
 .text.HAL_GetUIDw2
                0x00000000        0xc Drivers\STM32F3xx_HAL_Driver\Src\stm32f3xx_hal.o
 .text.HAL_DBGMCU_EnableDBGSleepMode
                0x00000000       0x10 Drivers\STM32F3xx_HAL_Driver\Src\stm32f3xx_hal.o
 .text.HAL_DBGMCU_DisableDBGSleepMode
                0x00000000       0x10 Drivers\STM32F3xx_HAL_Driver\Src\stm32f3xx_hal.o
 .text.HAL_DBGMCU_EnableDBGStopMode
                0x00000000       0x10 Drivers\STM32F3xx_HAL_Driver\Src\stm32f3xx_hal.o
 .text.HAL_DBGMCU_DisableDBGStopMode
                0x00000000       0x10 Drivers\STM32F3xx_HAL_Driver\Src\stm32f3xx_hal.o
 .text.HAL_DBGMCU_EnableDBGStandbyMode
                0x00000000       0x10 Drivers\STM32F3xx_HAL_Driver\Src\stm32f3xx_hal.o
 .text.HAL_DBGMCU_DisableDBGStandbyMode
                0x00000000       0x10 Drivers\STM32F3xx_HAL_Driver\Src\stm32f3xx_hal.o
 .text          0x00000000        0x0 Drivers\STM32F3xx_HAL_Driver\Src\stm32f3xx_hal_cortex.o
 .data          0x00000000        0x0 Drivers\STM32F3xx_HAL_Driver\Src\stm32f3xx_hal_cortex.o
 .bss           0x00000000        0x0 Drivers\STM32F3xx_HAL_Driver\Src\stm32f3xx_hal_cortex.o
 .text.HAL_NVIC_DisableIRQ
                0x00000000       0x1c Drivers\STM32F3xx_HAL_Driver\Src\stm32f3xx_hal_cortex.o
 .text.HAL_NVIC_SystemReset
                0x00000000       0x24 Drivers\STM32F3xx_HAL_Driver\Src\stm32f3xx_hal_cortex.o
 .text.HAL_NVIC_GetPriorityGrouping
                0x00000000       0x10 Drivers\STM32F3xx_HAL_Driver\Src\stm32f3xx_hal_cortex.o
[...]
Memory Configuration

Name             Origin             Length             Attributes
RAM              0x20000000         0x00003000         xrw
CCMRAM           0x10000000         0x00001000         rw
FLASH            0x08000000         0x00010000         xr
*default*        0x00000000         0xffffffff

Linker script and memory map

LOAD c:/program files (x86)/atollic/truestudio for stm32 9.2.0/armtools/bin/../lib/gcc/arm-atollic-eabi/6.3.1/armv7e-m/fpu/crti.o
LOAD c:/program files (x86)/atollic/truestudio for stm32 9.2.0/armtools/bin/../lib/gcc/arm-atollic-eabi/6.3.1/armv7e-m/fpu/crtbegin.o
LOAD Drivers\STM32F3xx_HAL_Driver\Src\stm32f3xx_hal.o
LOAD Drivers\STM32F3xx_HAL_Driver\Src\stm32f3xx_hal_cortex.o
LOAD Drivers\STM32F3xx_HAL_Driver\Src\stm32f3xx_hal_dma.o
LOAD Drivers\STM32F3xx_HAL_Driver\Src\stm32f3xx_hal_flash.o
LOAD Drivers\STM32F3xx_HAL_Driver\Src\stm32f3xx_hal_flash_ex.o
LOAD Drivers\STM32F3xx_HAL_Driver\Src\stm32f3xx_hal_gpio.o
LOAD Drivers\STM32F3xx_HAL_Driver\Src\stm32f3xx_hal_i2c.o
LOAD Drivers\STM32F3xx_HAL_Driver\Src\stm32f3xx_hal_i2c_ex.o
LOAD Drivers\STM32F3xx_HAL_Driver\Src\stm32f3xx_hal_pwr.o
LOAD Drivers\STM32F3xx_HAL_Driver\Src\stm32f3xx_hal_pwr_ex.o
LOAD Drivers\STM32F3xx_HAL_Driver\Src\stm32f3xx_hal_rcc.o
LOAD Drivers\STM32F3xx_HAL_Driver\Src\stm32f3xx_hal_rcc_ex.o
LOAD Drivers\STM32F3xx_HAL_Driver\Src\stm32f3xx_hal_tim.o
LOAD Drivers\STM32F3xx_HAL_Driver\Src\stm32f3xx_hal_tim_ex.o
LOAD Drivers\STM32F3xx_HAL_Driver\Src\stm32f3xx_hal_uart.o
LOAD Drivers\STM32F3xx_HAL_Driver\Src\stm32f3xx_hal_uart_ex.o
LOAD Src\main.o
LOAD Src\stm32f3xx_hal_msp.o
LOAD Src\stm32f3xx_it.o
LOAD Src\system_stm32f3xx.o
LOAD startup\startup_stm32f303x8.o
                0x00000080                malloc_getpagesize_P = 0x80
START GROUP
LOAD c:/program files (x86)/atollic/truestudio for stm32 9.2.0/armtools/bin/../lib/gcc/arm-atollic-eabi/6.3.1/../../../../arm-atollic-eabi/lib/armv7e-m/fpu\libc_nano.a
LOAD c:/program files (x86)/atollic/truestudio for stm32 9.2.0/armtools/bin/../lib/gcc/arm-atollic-eabi/6.3.1/../../../../arm-atollic-eabi/lib/armv7e-m/fpu\libm.a
END GROUP
START GROUP
LOAD c:/program files (x86)/atollic/truestudio for stm32 9.2.0/armtools/bin/../lib/gcc/arm-atollic-eabi/6.3.1/armv7e-m/fpu\libgcc.a
LOAD c:/program files (x86)/atollic/truestudio for stm32 9.2.0/armtools/bin/../lib/gcc/arm-atollic-eabi/6.3.1/../../../../arm-atollic-eabi/lib/armv7e-m/fpu\libc_nano.a
END GROUP
START GROUP
LOAD c:/program files (x86)/atollic/truestudio for stm32 9.2.0/armtools/bin/../lib/gcc/arm-atollic-eabi/6.3.1/armv7e-m/fpu\libgcc.a
LOAD c:/program files (x86)/atollic/truestudio for stm32 9.2.0/armtools/bin/../lib/gcc/arm-atollic-eabi/6.3.1/../../../../arm-atollic-eabi/lib/armv7e-m/fpu\libc_nano.a
LOAD c:/program files (x86)/atollic/truestudio for stm32 9.2.0/armtools/bin/../lib/gcc/arm-atollic-eabi/6.3.1/../../../../arm-atollic-eabi/lib/armv7e-m/fpu\libnosys.a
END GROUP
START GROUP
LOAD c:/program files (x86)/atollic/truestudio for stm32 9.2.0/armtools/bin/../lib/gcc/arm-atollic-eabi/6.3.1/armv7e-m/fpu\libgcc.a
LOAD c:/program files (x86)/atollic/truestudio for stm32 9.2.0/armtools/bin/../lib/gcc/arm-atollic-eabi/6.3.1/../../../../arm-atollic-eabi/lib/armv7e-m/fpu\libc_nano.a
LOAD c:/program files (x86)/atollic/truestudio for stm32 9.2.0/armtools/bin/../lib/gcc/arm-atollic-eabi/6.3.1/../../../../arm-atollic-eabi/lib/armv7e-m/fpu\libnosys.a
END GROUP
LOAD c:/program files (x86)/atollic/truestudio for stm32 9.2.0/armtools/bin/../lib/gcc/arm-atollic-eabi/6.3.1/armv7e-m/fpu/crtend.o
LOAD c:/program files (x86)/atollic/truestudio for stm32 9.2.0/armtools/bin/../lib/gcc/arm-atollic-eabi/6.3.1/armv7e-m/fpu/crtn.o
                0x20003000                _estack = 0x20003000
                0x00000200                _Min_Heap_Size = 0x200
                0x00000400                _Min_Stack_Size = 0x400

.isr_vector     0x08000000      0x188
                0x08000000                . = ALIGN (0x4)
 *(.isr_vector)
 .isr_vector    0x08000000      0x188 startup\startup_stm32f303x8.o
                0x08000000                g_pfnVectors
                0x08000188                . = ALIGN (0x4)

.text           0x08000188     0x19b8
                0x08000188                . = ALIGN (0x4)
 *(.text)
 .text          0x08000188       0x40 c:/program files (x86)/atollic/truestudio for stm32 9.2.0/armtools/bin/../lib/gcc/arm-atollic-eabi/6.3.1/armv7e-m/fpu/crtbegin.o
 *(.text*)
 .text.HAL_InitTick
                0x080001c8       0x48 Drivers\STM32F3xx_HAL_Driver\Src\stm32f3xx_hal.o
                0x080001c8                HAL_InitTick
 .text.HAL_Init
                0x08000210       0x24 Drivers\STM32F3xx_HAL_Driver\Src\stm32f3xx_hal.o
                0x08000210                HAL_Init
 .text.HAL_IncTick
                0x08000234       0x18 Drivers\STM32F3xx_HAL_Driver\Src\stm32f3xx_hal.o
                0x08000234                HAL_IncTick
 .text.HAL_GetTick
                0x0800024c        0xc Drivers\STM32F3xx_HAL_Driver\Src\stm32f3xx_hal.o
                0x0800024c                HAL_GetTick
 .text.HAL_Delay
                0x08000258       0x28 Drivers\STM32F3xx_HAL_Driver\Src\stm32f3xx_hal.o
                0x08000258                HAL_Delay
 .text.HAL_NVIC_SetPriorityGrouping
                0x08000280       0x24 Drivers\STM32F3xx_HAL_Driver\Src\stm32f3xx_hal_cortex.o
                0x08000280                HAL_NVIC_SetPriorityGrouping
 .text.HAL_NVIC_SetPriority
                0x080002a4       0x68 Drivers\STM32F3xx_HAL_Driver\Src\stm32f3xx_hal_cortex.o
                0x080002a4                HAL_NVIC_SetPriority
 .text.HAL_NVIC_EnableIRQ
                0x0800030c       0x18 Drivers\STM32F3xx_HAL_Driver\Src\stm32f3xx_hal_cortex.o
                0x0800030c                HAL_NVIC_EnableIRQ
 .text.HAL_SYSTICK_Config
                0x08000324       0x2c Drivers\STM32F3xx_HAL_Driver\Src\stm32f3xx_hal_cortex.o
                0x08000324                HAL_SYSTICK_Config
 .text.HAL_GPIO_Init
                0x08000350      0x174 Drivers\STM32F3xx_HAL_Driver\Src\stm32f3xx_hal_gpio.o
                0x08000350                HAL_GPIO_Init
 .text.HAL_GPIO_WritePin
                0x080004c4        0xa Drivers\STM32F3xx_HAL_Driver\Src\stm32f3xx_hal_gpio.o
                0x080004c4                HAL_GPIO_WritePin
 *fill*         0x080004ce        0x2 
 .text.HAL_RCC_OscConfig
                0x080004d0      0x4ec Drivers\STM32F3xx_HAL_Driver\Src\stm32f3xx_hal_rcc.o
                0x080004d0                HAL_RCC_OscConfig
 .text.HAL_RCC_GetSysClockFreq
                0x080009bc       0x64 Drivers\STM32F3xx_HAL_Driver\Src\stm32f3xx_hal_rcc.o
                0x080009bc                HAL_RCC_GetSysClockFreq
 .text.HAL_RCC_ClockConfig
                0x08000a20      0x154 Drivers\STM32F3xx_HAL_Driver\Src\stm32f3xx_hal_rcc.o
                0x08000a20                HAL_RCC_ClockConfig
 .text.HAL_RCC_GetPCLK1Freq
                0x08000b74       0x30 Drivers\STM32F3xx_HAL_Driver\Src\stm32f3xx_hal_rcc.o
                0x08000b74                HAL_RCC_GetPCLK1Freq
 .text.HAL_RCC_GetPCLK2Freq
                0x08000ba4       0x30 Drivers\STM32F3xx_HAL_Driver\Src\stm32f3xx_hal_rcc.o
                0x08000ba4                HAL_RCC_GetPCLK2Freq
 .text.HAL_TIM_PWM_MspInit
                0x08000bd4        0x2 Drivers\STM32F3xx_HAL_Driver\Src\stm32f3xx_hal_tim.o
                0x08000bd4                HAL_TIM_PWM_MspInit
 .text.HAL_TIM_PeriodElapsedCallback
                0x08000bd6        0x2 Drivers\STM32F3xx_HAL_Driver\Src\stm32f3xx_hal_tim.o
                0x08000bd6                HAL_TIM_PeriodElapsedCallback
 .text.HAL_TIM_OC_DelayElapsedCallback
                0x08000bd8        0x2 Drivers\STM32F3xx_HAL_Driver\Src\stm32f3xx_hal_tim.o
                0x08000bd8                HAL_TIM_OC_DelayElapsedCallback
 .text.HAL_TIM_IC_CaptureCallback
                0x08000bda        0x2 Drivers\STM32F3xx_HAL_Driver\Src\stm32f3xx_hal_tim.o
                0x08000bda                HAL_TIM_IC_CaptureCallback
 .text.HAL_TIM_PWM_PulseFinishedCallback
                0x08000bdc        0x2 Drivers\STM32F3xx_HAL_Driver\Src\stm32f3xx_hal_tim.o
                0x08000bdc                HAL_TIM_PWM_PulseFinishedCallback
 .text.HAL_TIM_TriggerCallback
                0x08000bde        0x2 Drivers\STM32F3xx_HAL_Driver\Src\stm32f3xx_hal_tim.o
                0x08000bde                HAL_TIM_TriggerCallback
 .text.HAL_TIM_IRQHandler
                0x08000be0      0x160 Drivers\STM32F3xx_HAL_Driver\Src\stm32f3xx_hal_tim.o
                0x08000be0                HAL_TIM_IRQHandler
 .text.TIM_Base_SetConfig
                0x08000d40       0x94 Drivers\STM32F3xx_HAL_Driver\Src\stm32f3xx_hal_tim.o
                0x08000d40                TIM_Base_SetConfig
 .text.HAL_TIM_Base_Init
                0x08000dd4       0x34 Drivers\STM32F3xx_HAL_Driver\Src\stm32f3xx_hal_tim.o
                0x08000dd4                HAL_TIM_Base_Init
 .text.HAL_TIM_PWM_Init
                0x08000e08       0x34 Drivers\STM32F3xx_HAL_Driver\Src\stm32f3xx_hal_tim.o
                0x08000e08                HAL_TIM_PWM_Init
 .text.TIM_OC1_SetConfig
                0x08000e3c       0x88 Drivers\STM32F3xx_HAL_Driver\Src\stm32f3xx_hal_tim.o
                0x08000e3c                TIM_OC1_SetConfig
 .text.TIM_OC2_SetConfig
                0x08000ec4       0x78 Drivers\STM32F3xx_HAL_Driver\Src\stm32f3xx_hal_tim.o
                0x08000ec4                TIM_OC2_SetConfig
 .text.TIM_OC3_SetConfig
                0x08000f3c       0x78 Drivers\STM32F3xx_HAL_Driver\Src\stm32f3xx_hal_tim.o
                0x08000f3c                TIM_OC3_SetConfig
 .text.TIM_OC4_SetConfig
                0x08000fb4       0x60 Drivers\STM32F3xx_HAL_Driver\Src\stm32f3xx_hal_tim.o
                0x08000fb4                TIM_OC4_SetConfig
 .text.TIM_ETR_SetConfig
                0x08001014       0x14 Drivers\STM32F3xx_HAL_Driver\Src\stm32f3xx_hal_tim.o
                0x08001014                TIM_ETR_SetConfig
 .text.HAL_TIM_ConfigClockSource
                0x08001028      0x16c Drivers\STM32F3xx_HAL_Driver\Src\stm32f3xx_hal_tim.o
                0x08001028                HAL_TIM_ConfigClockSource
 .text.TIM_CCxChannelCmd
                0x08001194       0x18 Drivers\STM32F3xx_HAL_Driver\Src\stm32f3xx_hal_tim.o
                0x08001194                TIM_CCxChannelCmd
 .text.HAL_TIM_PWM_Start
                0x080011ac       0x44 Drivers\STM32F3xx_HAL_Driver\Src\stm32f3xx_hal_tim.o
                0x080011ac                HAL_TIM_PWM_Start
 .text.TIM_OC5_SetConfig
                0x080011f0       0x60 Drivers\STM32F3xx_HAL_Driver\Src\stm32f3xx_hal_tim_ex.o
 .text.TIM_OC6_SetConfig
                0x08001250       0x60 Drivers\STM32F3xx_HAL_Driver\Src\stm32f3xx_hal_tim_ex.o
 .text.HAL_TIM_PWM_ConfigChannel
                0x080012b0      0x10e Drivers\STM32F3xx_HAL_Driver\Src\stm32f3xx_hal_tim_ex.o
                0x080012b0                HAL_TIM_PWM_ConfigChannel
 *fill*         0x080013be        0x2 
 .text.HAL_TIMEx_MasterConfigSynchronization
                0x080013c0       0x44 Drivers\STM32F3xx_HAL_Driver\Src\stm32f3xx_hal_tim_ex.o
                0x080013c0                HAL_TIMEx_MasterConfigSynchronization
 .text.HAL_TIMEx_CommutationCallback
                0x08001404        0x2 Drivers\STM32F3xx_HAL_Driver\Src\stm32f3xx_hal_tim_ex.o
                0x08001404                HAL_TIMEx_CommutationCallback
 .text.HAL_TIMEx_BreakCallback
                0x08001406        0x2 Drivers\STM32F3xx_HAL_Driver\Src\stm32f3xx_hal_tim_ex.o
                0x08001406                HAL_TIMEx_BreakCallback
 .text.HAL_TIMEx_Break2Callback
                0x08001408        0x2 Drivers\STM32F3xx_HAL_Driver\Src\stm32f3xx_hal_tim_ex.o
                0x08001408                HAL_TIMEx_Break2Callback
 *fill*         0x0800140a        0x2 
 .text.UART_SetConfig
                0x0800140c      0x14c Drivers\STM32F3xx_HAL_Driver\Src\stm32f3xx_hal_uart.o
                0x0800140c                UART_SetConfig
 .text.UART_AdvFeatureConfig
                0x08001558       0xa8 Drivers\STM32F3xx_HAL_Driver\Src\stm32f3xx_hal_uart.o
                0x08001558                UART_AdvFeatureConfig
 .text.UART_WaitOnFlagUntilTimeout
                0x08001600       0x62 Drivers\STM32F3xx_HAL_Driver\Src\stm32f3xx_hal_uart.o
                0x08001600                UART_WaitOnFlagUntilTimeout
 .text.UART_CheckIdleState
                0x08001662       0x64 Drivers\STM32F3xx_HAL_Driver\Src\stm32f3xx_hal_uart.o
                0x08001662                UART_CheckIdleState
 .text.HAL_UART_Init
                0x080016c6       0x64 Drivers\STM32F3xx_HAL_Driver\Src\stm32f3xx_hal_uart.o
                0x080016c6                HAL_UART_Init
 .text.SystemClock_Config
                0x0800172a       0x50 Src\main.o
                0x0800172a                SystemClock_Config
 *fill*         0x0800177a        0x2 
 .text.startup.main
                0x0800177c      0x168 Src\main.o
                0x0800177c                main
 .text.HAL_MspInit
                0x080018e4       0x30 Src\stm32f3xx_hal_msp.o
                0x080018e4                HAL_MspInit
 .text.HAL_TIM_Base_MspInit
                0x08001914       0x36 Src\stm32f3xx_hal_msp.o
                0x08001914                HAL_TIM_Base_MspInit
 .text.HAL_TIM_MspPostInit
                0x0800194a       0x46 Src\stm32f3xx_hal_msp.o
                0x0800194a                HAL_TIM_MspPostInit
 .text.HAL_UART_MspInit
                0x08001990       0x64 Src\stm32f3xx_hal_msp.o
                0x08001990                HAL_UART_MspInit
 .text.NMI_Handler
                0x080019f4        0x2 Src\stm32f3xx_it.o
                0x080019f4                NMI_Handler
 .text.HardFault_Handler
                0x080019f6        0x2 Src\stm32f3xx_it.o
                0x080019f6                HardFault_Handler
 .text.MemManage_Handler
                0x080019f8        0x2 Src\stm32f3xx_it.o
                0x080019f8                MemManage_Handler
 .text.BusFault_Handler
                0x080019fa        0x2 Src\stm32f3xx_it.o
                0x080019fa                BusFault_Handler
 .text.UsageFault_Handler
                0x080019fc        0x2 Src\stm32f3xx_it.o
                0x080019fc                UsageFault_Handler
 .text.SVC_Handler
                0x080019fe        0x2 Src\stm32f3xx_it.o
                0x080019fe                SVC_Handler
 .text.DebugMon_Handler
                0x08001a00        0x2 Src\stm32f3xx_it.o
                0x08001a00                DebugMon_Handler
 .text.PendSV_Handler
                0x08001a02        0x2 Src\stm32f3xx_it.o
                0x08001a02                PendSV_Handler
 .text.SysTick_Handler
                0x08001a04        0x4 Src\stm32f3xx_it.o
                0x08001a04                SysTick_Handler
 .text.TIM2_IRQHandler
                0x08001a08        0xc Src\stm32f3xx_it.o
                0x08001a08                TIM2_IRQHandler
 .text.SystemInit
                0x08001a14       0x68 Src\system_stm32f3xx.o
                0x08001a14                SystemInit
 .text.Reset_Handler
                0x08001a7c       0x50 startup\startup_stm32f303x8.o
                0x08001a7c                Reset_Handler
 .text.Default_Handler
                0x08001acc        0x2 startup\startup_stm32f303x8.o
                0x08001acc                RTC_Alarm_IRQHandler
                0x08001acc                TIM1_CC_IRQHandler
                0x08001acc                PVD_IRQHandler
                0x08001acc                TAMP_STAMP_IRQHandler
                0x08001acc                EXTI3_IRQHandler
                0x08001acc                EXTI0_IRQHandler
                0x08001acc                FPU_IRQHandler
                0x08001acc                CAN_TX_IRQHandler
                0x08001acc                TIM1_UP_TIM16_IRQHandler
                0x08001acc                ADC1_2_IRQHandler
                0x08001acc                SPI1_IRQHandler
                0x08001acc                CAN_SCE_IRQHandler
                0x08001acc                DMA1_Channel4_IRQHandler
                0x08001acc                USART3_IRQHandler
                0x08001acc                DMA1_Channel7_IRQHandler
                0x08001acc                TIM7_DAC2_IRQHandler
                0x08001acc                CAN_RX1_IRQHandler
                0x08001acc                I2C1_EV_IRQHandler
                0x08001acc                DMA1_Channel6_IRQHandler
                0x08001acc                TIM3_IRQHandler
                0x08001acc                RCC_IRQHandler
                0x08001acc                DMA1_Channel1_IRQHandler
                0x08001acc                Default_Handler
                0x08001acc                EXTI15_10_IRQHandler
                0x08001acc                COMP2_IRQHandler
                0x08001acc                TIM6_DAC1_IRQHandler
                0x08001acc                EXTI9_5_IRQHandler
                0x08001acc                RTC_WKUP_IRQHandler
                0x08001acc                DMA1_Channel5_IRQHandler
                0x08001acc                EXTI4_IRQHandler
                0x08001acc                TIM1_TRG_COM_TIM17_IRQHandler
                0x08001acc                DMA1_Channel3_IRQHandler
                0x08001acc                WWDG_IRQHandler
                0x08001acc                EXTI1_IRQHandler
                0x08001acc                COMP4_6_IRQHandler
                0x08001acc                USART2_IRQHandler
                0x08001acc                DMA1_Channel2_IRQHandler
                0x08001acc                FLASH_IRQHandler
                0x08001acc                USART1_IRQHandler
                0x08001acc                CAN_RX0_IRQHandler
                0x08001acc                I2C1_ER_IRQHandler
                0x08001acc                EXTI2_TSC_IRQHandler
                0x08001acc                TIM1_BRK_TIM15_IRQHandler
 *fill*         0x08001ace        0x2 
 .text.__libc_init_array
                0x08001ad0       0x48 c:/program files (x86)/atollic/truestudio for stm32 9.2.0/armtools/bin/../lib/gcc/arm-atollic-eabi/6.3.1/../../../../arm-atollic-eabi/lib/armv7e-m/fpu\libc_nano.a(lib_a-init.o)
                0x08001ad0                __libc_init_array
 .text.memset   0x08001b18       0x10 c:/program files (x86)/atollic/truestudio for stm32 9.2.0/armtools/bin/../lib/gcc/arm-atollic-eabi/6.3.1/../../../../arm-atollic-eabi/lib/armv7e-m/fpu\libc_nano.a(lib_a-memset.o)
                0x08001b18                memset
 *(.glue_7)
 .glue_7        0x08001b28        0x0 linker stubs
 *(.glue_7t)
 .glue_7t       0x08001b28        0x0 linker stubs
 *(.eh_frame)
 .eh_frame      0x08001b28        0x0 c:/program files (x86)/atollic/truestudio for stm32 9.2.0/armtools/bin/../lib/gcc/arm-atollic-eabi/6.3.1/armv7e-m/fpu/crtbegin.o
 *(.init)
 .init          0x08001b28        0x4 c:/program files (x86)/atollic/truestudio for stm32 9.2.0/armtools/bin/../lib/gcc/arm-atollic-eabi/6.3.1/armv7e-m/fpu/crti.o
                0x08001b28                _init
 .init          0x08001b2c        0x8 c:/program files (x86)/atollic/truestudio for stm32 9.2.0/armtools/bin/../lib/gcc/arm-atollic-eabi/6.3.1/armv7e-m/fpu/crtn.o
 *(.fini)
 .fini          0x08001b34        0x4 c:/program files (x86)/atollic/truestudio for stm32 9.2.0/armtools/bin/../lib/gcc/arm-atollic-eabi/6.3.1/armv7e-m/fpu/crti.o
                0x08001b34                _fini
 .fini          0x08001b38        0x8 c:/program files (x86)/atollic/truestudio for stm32 9.2.0/armtools/bin/../lib/gcc/arm-atollic-eabi/6.3.1/armv7e-m/fpu/crtn.o
                0x08001b40                . = ALIGN (0x4)
                0x08001b40                _etext = .

.vfp11_veneer   0x08001b40        0x0
 .vfp11_veneer  0x08001b40        0x0 linker stubs

.v4_bx          0x08001b40        0x0
 .v4_bx         0x08001b40        0x0 linker stubs

.iplt           0x08001b40        0x0
 .iplt          0x08001b40        0x0 c:/program files (x86)/atollic/truestudio for stm32 9.2.0/armtools/bin/../lib/gcc/arm-atollic-eabi/6.3.1/armv7e-m/fpu/crtbegin.o

.rodata         0x08001b40       0x3c
                0x08001b40                . = ALIGN (0x4)
 *(.rodata)
 *(.rodata*)
 .rodata.aPLLMULFactorTable
                0x08001b40       0x10 Drivers\STM32F3xx_HAL_Driver\Src\stm32f3xx_hal_rcc.o
                0x08001b40                aPLLMULFactorTable
 .rodata.aPredivFactorTable
                0x08001b50       0x10 Drivers\STM32F3xx_HAL_Driver\Src\stm32f3xx_hal_rcc.o
                0x08001b50                aPredivFactorTable
 .rodata.CSWTCH.45
                0x08001b60        0x4 Drivers\STM32F3xx_HAL_Driver\Src\stm32f3xx_hal_uart.o
 .rodata.AHBPrescTable
                0x08001b64       0x10 Src\system_stm32f3xx.o
                0x08001b64                AHBPrescTable
 .rodata.APBPrescTable
                0x08001b74        0x8 Src\system_stm32f3xx.o
                0x08001b74                APBPrescTable
                0x08001b7c                . = ALIGN (0x4)

.rel.dyn        0x08001b7c        0x0
 .rel.iplt      0x08001b7c        0x0 c:/program files (x86)/atollic/truestudio for stm32 9.2.0/armtools/bin/../lib/gcc/arm-atollic-eabi/6.3.1/armv7e-m/fpu/crtbegin.o

.ARM.extab
 *(.ARM.extab* .gnu.linkonce.armextab.*)

.ARM            0x08001b7c        0x0
                0x08001b7c                __exidx_start = .
 *(.ARM.exidx*)
                0x08001b7c                __exidx_end = .

.preinit_array  0x08001b7c        0x0
                0x08001b7c                PROVIDE (__preinit_array_start, .)
 *(.preinit_array*)
                0x08001b7c                PROVIDE (__preinit_array_end, .)

.init_array     0x08001b7c        0x4
                0x08001b7c                PROVIDE (__init_array_start, .)
 *(SORT(.init_array.*))
 *(.init_array*)
 .init_array    0x08001b7c        0x4 c:/program files (x86)/atollic/truestudio for stm32 9.2.0/armtools/bin/../lib/gcc/arm-atollic-eabi/6.3.1/armv7e-m/fpu/crtbegin.o
                0x08001b80                PROVIDE (__init_array_end, .)

.fini_array     0x08001b80        0x4
                [!provide]                PROVIDE (__fini_array_start, .)
 *(SORT(.fini_array.*))
 *(.fini_array*)
 .fini_array    0x08001b80        0x4 c:/program files (x86)/atollic/truestudio for stm32 9.2.0/armtools/bin/../lib/gcc/arm-atollic-eabi/6.3.1/armv7e-m/fpu/crtbegin.o
                [!provide]                PROVIDE (__fini_array_end, .)
                0x08001b84                _sidata = LOADADDR (.data)

.data           0x20000000        0xc load address 0x08001b84
                0x20000000                . = ALIGN (0x4)
                0x20000000                _sdata = .
 *(.data)
 *(.data*)
 .data.uwTickFreq
                0x20000000        0x1 Drivers\STM32F3xx_HAL_Driver\Src\stm32f3xx_hal.o
                0x20000000                uwTickFreq
 *fill*         0x20000001        0x3 
 .data.uwTickPrio
                0x20000004        0x4 Drivers\STM32F3xx_HAL_Driver\Src\stm32f3xx_hal.o
                0x20000004                uwTickPrio
 .data.SystemCoreClock
                0x20000008        0x4 Src\system_stm32f3xx.o
                0x20000008                SystemCoreClock
                0x2000000c                . = ALIGN (0x4)
                0x2000000c                _edata = .
                0x08001b90                _siccmram = LOADADDR (.ccmram)

.igot.plt       0x2000000c        0x0 load address 0x08001b90
 .igot.plt      0x2000000c        0x0 c:/program files (x86)/atollic/truestudio for stm32 9.2.0/armtools/bin/../lib/gcc/arm-atollic-eabi/6.3.1/armv7e-m/fpu/crtbegin.o

.ccmram         0x10000000        0x0 load address 0x08001b90
                0x10000000                . = ALIGN (0x4)
                0x10000000                _sccmram = .
 *(.ccmram)
 *(.ccmram*)
                0x10000000                . = ALIGN (0x4)
                0x10000000                _eccmram = .
                0x10000000                . = ALIGN (0x4)

.bss            0x2000000c       0xd0
                0x2000000c                _sbss = .
                0x2000000c                __bss_start__ = _sbss
 *(.bss)
 .bss           0x2000000c       0x1c c:/program files (x86)/atollic/truestudio for stm32 9.2.0/armtools/bin/../lib/gcc/arm-atollic-eabi/6.3.1/armv7e-m/fpu/crtbegin.o
 *(.bss*)
 *(COMMON)
 COMMON         0x20000028        0x4 Drivers\STM32F3xx_HAL_Driver\Src\stm32f3xx_hal.o
                0x20000028                uwTick
 COMMON         0x2000002c       0xb0 Src\main.o
                0x2000002c                htim2
                0x2000006c                huart2
                0x200000dc                . = ALIGN (0x4)
                0x200000dc                _ebss = .
                0x200000dc                __bss_end__ = _ebss

._user_heap_stack
                0x200000dc      0x600
                0x200000dc                . = ALIGN (0x4)
                [!provide]                PROVIDE (end, .)
                [!provide]                PROVIDE (_end, .)
                0x200002dc                . = (. + _Min_Heap_Size)
 *fill*         0x200000dc      0x200 
                0x200006dc                . = (. + _Min_Stack_Size)
 *fill*         0x200002dc      0x400 
                0x200006dc                . = ALIGN (0x4)

/DISCARD/
 libc.a(*)
 libm.a(*)
 libgcc.a(*)

.ARM.attributes
                0x00000000       0x30
 *(.ARM.attributes)
 .ARM.attributes
                0x00000000       0x22 c:/program files (x86)/atollic/truestudio for stm32 9.2.0/armtools/bin/../lib/gcc/arm-atollic-eabi/6.3.1/armv7e-m/fpu/crti.o
 .ARM.attributes
                0x00000022       0x34 c:/program files (x86)/atollic/truestudio for stm32 9.2.0/armtools/bin/../lib/gcc/arm-atollic-eabi/6.3.1/armv7e-m/fpu/crtbegin.o
 .ARM.attributes
                0x00000056       0x39 Drivers\STM32F3xx_HAL_Driver\Src\stm32f3xx_hal.o
 .ARM.attributes
                0x0000008f       0x39 Drivers\STM32F3xx_HAL_Driver\Src\stm32f3xx_hal_cortex.o
 .ARM.attributes
                0x000000c8       0x39 Drivers\STM32F3xx_HAL_Driver\Src\stm32f3xx_hal_gpio.o
 .ARM.attributes
                0x00000101       0x39 Drivers\STM32F3xx_HAL_Driver\Src\stm32f3xx_hal_rcc.o
 .ARM.attributes
                0x0000013a       0x39 Drivers\STM32F3xx_HAL_Driver\Src\stm32f3xx_hal_tim.o
 .ARM.attributes
                0x00000173       0x39 Drivers\STM32F3xx_HAL_Driver\Src\stm32f3xx_hal_tim_ex.o
 .ARM.attributes
                0x000001ac       0x39 Drivers\STM32F3xx_HAL_Driver\Src\stm32f3xx_hal_uart.o
 .ARM.attributes
                0x000001e5       0x39 Src\main.o
 .ARM.attributes
                0x0000021e       0x39 Src\stm32f3xx_hal_msp.o
 .ARM.attributes
                0x00000257       0x39 Src\stm32f3xx_it.o
 .ARM.attributes
                0x00000290       0x39 Src\system_stm32f3xx.o
 .ARM.attributes
                0x000002c9       0x21 startup\startup_stm32f303x8.o
 .ARM.attributes
                0x000002ea       0x34 c:/program files (x86)/atollic/truestudio for stm32 9.2.0/armtools/bin/../lib/gcc/arm-atollic-eabi/6.3.1/../../../../arm-atollic-eabi/lib/armv7e-m/fpu\libc_nano.a(lib_a-init.o)
 .ARM.attributes
                0x0000031e       0x34 c:/program files (x86)/atollic/truestudio for stm32 9.2.0/armtools/bin/../lib/gcc/arm-atollic-eabi/6.3.1/../../../../arm-atollic-eabi/lib/armv7e-m/fpu\libc_nano.a(lib_a-memset.o)
 .ARM.attributes
                0x00000352       0x22 c:/program files (x86)/atollic/truestudio for stm32 9.2.0/armtools/bin/../lib/gcc/arm-atollic-eabi/6.3.1/armv7e-m/fpu/crtn.o
OUTPUT(PWM_test.elf elf32-littlearm)

.debug_info     0x00000000    0x11a5e
 .debug_info    0x00000000     0x102a Drivers\STM32F3xx_HAL_Driver\Src\stm32f3xx_hal.o
 .debug_info    0x0000102a     0x14be Drivers\STM32F3xx_HAL_Driver\Src\stm32f3xx_hal_cortex.o
 .debug_info    0x000024e8      0xfec Drivers\STM32F3xx_HAL_Driver\Src\stm32f3xx_hal_gpio.o
 .debug_info    0x000034d4     0x1bc7 Drivers\STM32F3xx_HAL_Driver\Src\stm32f3xx_hal_rcc.o
 .debug_info    0x0000509b     0x3d64 Drivers\STM32F3xx_HAL_Driver\Src\stm32f3xx_hal_tim.o
 .debug_info    0x00008dff     0x1d87 Drivers\STM32F3xx_HAL_Driver\Src\stm32f3xx_hal_tim_ex.o
 .debug_info    0x0000ab86     0x2275 Drivers\STM32F3xx_HAL_Driver\Src\stm32f3xx_hal_uart.o
 .debug_info    0x0000cdfb     0x19aa Src\main.o
 .debug_info    0x0000e7a5     0x16c0 Src\stm32f3xx_hal_msp.o
 .debug_info    0x0000fe65      0xef7 Src\stm32f3xx_it.o
 .debug_info    0x00010d5c      0xc74 Src\system_stm32f3xx.o
 .debug_info    0x000119d0       0x8e startup\startup_stm32f303x8.o

.debug_abbrev   0x00000000     0x1fb6
 .debug_abbrev  0x00000000      0x2f5 Drivers\STM32F3xx_HAL_Driver\Src\stm32f3xx_hal.o
 .debug_abbrev  0x000002f5      0x374 Drivers\STM32F3xx_HAL_Driver\Src\stm32f3xx_hal_cortex.o
 .debug_abbrev  0x00000669      0x268 Drivers\STM32F3xx_HAL_Driver\Src\stm32f3xx_hal_gpio.o
 .debug_abbrev  0x000008d1      0x358 Drivers\STM32F3xx_HAL_Driver\Src\stm32f3xx_hal_rcc.o
 .debug_abbrev  0x00000c29      0x3ab Drivers\STM32F3xx_HAL_Driver\Src\stm32f3xx_hal_tim.o
 .debug_abbrev  0x00000fd4      0x30d Drivers\STM32F3xx_HAL_Driver\Src\stm32f3xx_hal_tim_ex.o
 .debug_abbrev  0x000012e1      0x384 Drivers\STM32F3xx_HAL_Driver\Src\stm32f3xx_hal_uart.o
 .debug_abbrev  0x00001665      0x306 Src\main.o
 .debug_abbrev  0x0000196b      0x242 Src\stm32f3xx_hal_msp.o
 .debug_abbrev  0x00001bad      0x215 Src\stm32f3xx_it.o
 .debug_abbrev  0x00001dc2      0x1e2 Src\system_stm32f3xx.o
 .debug_abbrev  0x00001fa4       0x12 startup\startup_stm32f303x8.o

.debug_loc      0x00000000     0x67ea
 .debug_loc     0x00000000      0x11b Drivers\STM32F3xx_HAL_Driver\Src\stm32f3xx_hal.o
 .debug_loc     0x0000011b      0x4da Drivers\STM32F3xx_HAL_Driver\Src\stm32f3xx_hal_cortex.o
 .debug_loc     0x000005f5      0x2ba Drivers\STM32F3xx_HAL_Driver\Src\stm32f3xx_hal_gpio.o
 .debug_loc     0x000008af      0x8ea Drivers\STM32F3xx_HAL_Driver\Src\stm32f3xx_hal_rcc.o
 .debug_loc     0x00001199     0x31ea Drivers\STM32F3xx_HAL_Driver\Src\stm32f3xx_hal_tim.o
 .debug_loc     0x00004383      0xe53 Drivers\STM32F3xx_HAL_Driver\Src\stm32f3xx_hal_tim_ex.o
 .debug_loc     0x000051d6     0x146f Drivers\STM32F3xx_HAL_Driver\Src\stm32f3xx_hal_uart.o
 .debug_loc     0x00006645       0xc3 Src\stm32f3xx_hal_msp.o
 .debug_loc     0x00006708       0xe2 Src\system_stm32f3xx.o

.debug_aranges  0x00000000      0x888
 .debug_aranges
                0x00000000       0xd8 Drivers\STM32F3xx_HAL_Driver\Src\stm32f3xx_hal.o
 .debug_aranges
                0x000000d8       0x90 Drivers\STM32F3xx_HAL_Driver\Src\stm32f3xx_hal_cortex.o
 .debug_aranges
                0x00000168       0x58 Drivers\STM32F3xx_HAL_Driver\Src\stm32f3xx_hal_gpio.o
 .debug_aranges
                0x000001c0       0x88 Drivers\STM32F3xx_HAL_Driver\Src\stm32f3xx_hal_rcc.o
 .debug_aranges
                0x00000248      0x268 Drivers\STM32F3xx_HAL_Driver\Src\stm32f3xx_hal_tim.o
 .debug_aranges
                0x000004b0      0x120 Drivers\STM32F3xx_HAL_Driver\Src\stm32f3xx_hal_tim_ex.o
 .debug_aranges
                0x000005d0      0x1a0 Drivers\STM32F3xx_HAL_Driver\Src\stm32f3xx_hal_uart.o
 .debug_aranges
                0x00000770       0x30 Src\main.o
 .debug_aranges
                0x000007a0       0x48 Src\stm32f3xx_hal_msp.o
 .debug_aranges
                0x000007e8       0x50 Src\stm32f3xx_it.o
 .debug_aranges
                0x00000838       0x28 Src\system_stm32f3xx.o
 .debug_aranges
                0x00000860       0x28 startup\startup_stm32f303x8.o

.debug_ranges   0x00000000      0xbc0
 .debug_ranges  0x00000000       0xc8 Drivers\STM32F3xx_HAL_Driver\Src\stm32f3xx_hal.o
 .debug_ranges  0x000000c8      0x120 Drivers\STM32F3xx_HAL_Driver\Src\stm32f3xx_hal_cortex.o
 .debug_ranges  0x000001e8       0x68 Drivers\STM32F3xx_HAL_Driver\Src\stm32f3xx_hal_gpio.o
 .debug_ranges  0x00000250      0x1d8 Drivers\STM32F3xx_HAL_Driver\Src\stm32f3xx_hal_rcc.o
 .debug_ranges  0x00000428      0x348 Drivers\STM32F3xx_HAL_Driver\Src\stm32f3xx_hal_tim.o
 .debug_ranges  0x00000770      0x110 Drivers\STM32F3xx_HAL_Driver\Src\stm32f3xx_hal_tim_ex.o
 .debug_ranges  0x00000880      0x190 Drivers\STM32F3xx_HAL_Driver\Src\stm32f3xx_hal_uart.o
 .debug_ranges  0x00000a10       0x90 Src\main.o
 .debug_ranges  0x00000aa0       0xa8 Src\stm32f3xx_hal_msp.o
 .debug_ranges  0x00000b48       0x40 Src\stm32f3xx_it.o
 .debug_ranges  0x00000b88       0x18 Src\system_stm32f3xx.o
 .debug_ranges  0x00000ba0       0x20 startup\startup_stm32f303x8.o

.debug_line     0x00000000     0x4b90
 .debug_line    0x00000000      0x47d Drivers\STM32F3xx_HAL_Driver\Src\stm32f3xx_hal.o
 .debug_line    0x0000047d      0x45d Drivers\STM32F3xx_HAL_Driver\Src\stm32f3xx_hal_cortex.o
 .debug_line    0x000008da      0x46c Drivers\STM32F3xx_HAL_Driver\Src\stm32f3xx_hal_gpio.o
 .debug_line    0x00000d46      0x871 Drivers\STM32F3xx_HAL_Driver\Src\stm32f3xx_hal_rcc.o
 .debug_line    0x000015b7     0x11ee Drivers\STM32F3xx_HAL_Driver\Src\stm32f3xx_hal_tim.o
 .debug_line    0x000027a5      0x900 Drivers\STM32F3xx_HAL_Driver\Src\stm32f3xx_hal_tim_ex.o
 .debug_line    0x000030a5      0xd12 Drivers\STM32F3xx_HAL_Driver\Src\stm32f3xx_hal_uart.o
 .debug_line    0x00003db7      0x3f6 Src\main.o
 .debug_line    0x000041ad      0x392 Src\stm32f3xx_hal_msp.o
 .debug_line    0x0000453f      0x31b Src\stm32f3xx_it.o
 .debug_line    0x0000485a      0x2b7 Src\system_stm32f3xx.o
 .debug_line    0x00004b11       0x7f startup\startup_stm32f303x8.o

.debug_str      0x00000000     0x3680
 .debug_str     0x00000000      0xc4d Drivers\STM32F3xx_HAL_Driver\Src\stm32f3xx_hal.o
                                0xcf4 (size before relaxing)
 .debug_str     0x00000c4d      0x2e1 Drivers\STM32F3xx_HAL_Driver\Src\stm32f3xx_hal_cortex.o
                                0xde5 (size before relaxing)
 .debug_str     0x00000f2e      0x242 Drivers\STM32F3xx_HAL_Driver\Src\stm32f3xx_hal_gpio.o
                                0x9dd (size before relaxing)
 .debug_str     0x00001170      0x315 Drivers\STM32F3xx_HAL_Driver\Src\stm32f3xx_hal_rcc.o
                                0xb4a (size before relaxing)
 .debug_str     0x00001485     0x1150 Drivers\STM32F3xx_HAL_Driver\Src\stm32f3xx_hal_tim.o
                               0x18e7 (size before relaxing)
 .debug_str     0x000025d5      0x59b Drivers\STM32F3xx_HAL_Driver\Src\stm32f3xx_hal_tim_ex.o
                               0x131a (size before relaxing)
 .debug_str     0x00002b70      0x937 Drivers\STM32F3xx_HAL_Driver\Src\stm32f3xx_hal_uart.o
                               0x135f (size before relaxing)
 .debug_str     0x000034a7       0xa4 Src\main.o
                               0x11ca (size before relaxing)
 .debug_str     0x0000354b       0x25 Src\stm32f3xx_hal_msp.o
                               0x11ba (size before relaxing)
 .debug_str     0x00003570       0xb6 Src\stm32f3xx_it.o
                                0xb59 (size before relaxing)
 .debug_str     0x00003626       0x5a Src\system_stm32f3xx.o
                                0x7c7 (size before relaxing)

.comment        0x00000000       0x7c
 .comment       0x00000000       0x7c Drivers\STM32F3xx_HAL_Driver\Src\stm32f3xx_hal.o
                                 0x7d (size before relaxing)
 .comment       0x0000007c       0x7d Drivers\STM32F3xx_HAL_Driver\Src\stm32f3xx_hal_cortex.o
 .comment       0x0000007c       0x7d Drivers\STM32F3xx_HAL_Driver\Src\stm32f3xx_hal_gpio.o
 .comment       0x0000007c       0x7d Drivers\STM32F3xx_HAL_Driver\Src\stm32f3xx_hal_rcc.o
 .comment       0x0000007c       0x7d Drivers\STM32F3xx_HAL_Driver\Src\stm32f3xx_hal_tim.o
 .comment       0x0000007c       0x7d Drivers\STM32F3xx_HAL_Driver\Src\stm32f3xx_hal_tim_ex.o
 .comment       0x0000007c       0x7d Drivers\STM32F3xx_HAL_Driver\Src\stm32f3xx_hal_uart.o
 .comment       0x0000007c       0x7d Src\main.o
 .comment       0x0000007c       0x7d Src\stm32f3xx_hal_msp.o
 .comment       0x0000007c       0x7d Src\stm32f3xx_it.o
 .comment       0x0000007c       0x7d Src\system_stm32f3xx.o

.debug_frame    0x00000000     0x1944
 .debug_frame   0x00000000      0x1d0 Drivers\STM32F3xx_HAL_Driver\Src\stm32f3xx_hal.o
 .debug_frame   0x000001d0      0x120 Drivers\STM32F3xx_HAL_Driver\Src\stm32f3xx_hal_cortex.o
 .debug_frame   0x000002f0       0xd8 Drivers\STM32F3xx_HAL_Driver\Src\stm32f3xx_hal_gpio.o
 .debug_frame   0x000003c8      0x14c Drivers\STM32F3xx_HAL_Driver\Src\stm32f3xx_hal_rcc.o
 .debug_frame   0x00000514      0x8b8 Drivers\STM32F3xx_HAL_Driver\Src\stm32f3xx_hal_tim.o
 .debug_frame   0x00000dcc      0x3e4 Drivers\STM32F3xx_HAL_Driver\Src\stm32f3xx_hal_tim_ex.o
 .debug_frame   0x000011b0      0x568 Drivers\STM32F3xx_HAL_Driver\Src\stm32f3xx_hal_uart.o
 .debug_frame   0x00001718       0x58 Src\main.o
 .debug_frame   0x00001770       0xa0 Src\stm32f3xx_hal_msp.o
 .debug_frame   0x00001810       0xb0 Src\stm32f3xx_it.o
 .debug_frame   0x000018c0       0x38 Src\system_stm32f3xx.o
 .debug_frame   0x000018f8       0x2c c:/program files (x86)/atollic/truestudio for stm32 9.2.0/armtools/bin/../lib/gcc/arm-atollic-eabi/6.3.1/../../../../arm-atollic-eabi/lib/armv7e-m/fpu\libc_nano.a(lib_a-init.o)
 .debug_frame   0x00001924       0x20 c:/program files (x86)/atollic/truestudio for stm32 9.2.0/armtools/bin/../lib/gcc/arm-atollic-eabi/6.3.1/../../../../arm-atollic-eabi/lib/armv7e-m/fpu\libc_nano.a(lib_a-memset.o)
